---
source: src/telemetry/blockchain.rs
expression: state
---
State {
    block: 17,
    block_created_at: 2025-04-03T03:18:01.509Z,
    domains: 4,
    accounts: 6,
    assets: 4,
    txs_accepted: 14,
    txs_rejected: 4,
    avg_block_time: DurationMillis(
        2.843s,
    ),
}
