---
source: src/repo.rs
expression: mapped
---
{
  "pagination": {
    "page": 1,
    "per_page": 10,
    "total_pages": 1,
    "total_items": 3
  },
  "items": [
    {
      "id": "cabbage#garden_of_live_flowers#ed0120CE7FA46C9DCE7EA4B125E2E36BDB63EA33073E7590AC92816AE1E861B7048B03@wonderland",
      "value": "44"
    },
    {
      "id": "rose##ed0120CE7FA46C9DCE7EA4B125E2E36BDB63EA33073E7590AC92816AE1E861B7048B03@wonderland",
      "value": "13"
    },
    {
      "id": "rose##ed0120DC3C3FE8DAD83DE7D3C61E21EBC3B25500B0880B894EF75FC385B1DA7203F71C@wonderland",
      "value": "100000"
    }
  ]
}
