---
source: src/schema.rs
expression: value
---
{
  "scale": "BQAAAA==",
  "json": 5
}
