---
source: src/repo.rs
expression: data.pagination
---
Pagination {
    page: PositiveInteger(
        4,
    ),
    per_page: PositiveInteger(
        10,
    ),
    total_pages: 4,
    total_items: 38,
}
