---
source: src/schema.rs
expression: value
---
{
  "scale": "LHRlc3Qgc3RyaW5n",
  "json": "test string"
}
