---
source: src/repo.rs
expression: meta
---
16,1,1
15,1,1
14,1,0
13,1,1
12,1,0
11,1,0
10,1,0
9,1,1
8,1,0
7,1,0
6,1,0
5,1,0
4,1,0
3,1,0
1,4,0
