---
source: src/telemetry.rs
expression: status
---
{
  "url": "http://iroha.tech/test",
  "block": 0,
  "commit_time": {
    "ms": 0
  },
  "avg_commit_time": {
    "ms": 122
  },
  "queue_size": 0,
  "uptime": {
    "ms": 0
  }
}
